FOUND 17
  64615fb1-12f4-4cb2-a601-eccd3190a7ee | PUBLISHED | MediaCert Broken 1786296471021
  d22b7aeb-2a77-475d-b49c-dad87982168d | PUBLISHED | MediaCert UI edited 1786296460713
  fe000780-e5ac-4a34-a293-b2f5e2b5fe3e | PUBLISHED | MediaCert Broken 1786296365014
  301ada54-401f-4a78-89c3-34562e1f4bea | PUBLISHED | MediaCert UI edited 1786296354981
  b5fb5d16-94a4-49ce-92a9-5f1d377fb68d | PUBLISHED | MediaCert Broken 1786296168699
  48a3516f-0c9b-428c-bc4a-97dcd22b184c | PUBLISHED | MediaCert UI edited 1786296158396
  e7dc2e0a-1bc3-440d-ac6b-4d5dd8026f97 | PUBLISHED | MediaCert UI edited 1786295991829
  beb9c4f1-68f5-4927-8d25-5a90177c4710 | PUBLISHED | MediaCert Broken 1786295846716
  587ec9ef-192b-4ee3-bb6f-3b32f5379c7f | PUBLISHED | MediaCert UI edited 1786295822419
  de433c6b-fc05-4faf-906c-d3a71997e84e | PUBLISHED | MediaCert DupB 1786295597546
  b1d6ceff-12a2-4eb0-949c-fa65d18f11fa | PUBLISHED | MediaCert DupA 1786295592298
  9f48b4f4-ca22-4259-8525-684927ec0688 | PUBLISHED | MediaCert Multi Text2 1786295564384
  209613b4-46a9-4be8-a778-02e3d91f18cb | PUBLISHED | MediaCert Single 1786295538404
  5ad60f9d-257b-468c-8b22-1052f2745a27 | PUBLISHED | MediaCert DupB 1786295450541
  9864cd0e-10bd-4d3d-8153-d8717e329c45 | PUBLISHED | MediaCert DupA 1786295445143
  b86e28b1-29de-4bae-9e31-9f884d771432 | PUBLISHED | MediaCert Multi Text2 1786295415493
  64aa0df2-9875-493b-9d54-9bc7d40a9702 | PUBLISHED | MediaCert Single 1786295385211
DELETED 17
leftover 0
